2026-08-28 10:14:50,774 | INFO | {"event": "auto_detection_started", "port": "COM-TEST"}
2026-08-28 10:14:50,779 | INFO | {"baudrate": 9600, "bytesize": 8, "event": "auto_detection_locked", "parity": "N", "port": "COM-TEST", "stopbits": 1.0, "tested_baudrates": [9600]}
2026-08-28 10:14:50,779 | INFO | {"byte_count": 8, "event": "passive_modbus_frame_received", "port": "COM-TEST", "raw_hex": "01 03 00 00 00 01 84 0A"}
2026-08-28 10:14:50,779 | INFO | {"event": "auto_detection_stopped", "port": "COM-TEST"}
2026-08-28 10:14:50,781 | INFO | {"event": "capture_thread_start", "mode": "config", "port": "COM-TEST"}
2026-08-28 10:14:51,592 | INFO | {"event": "application_opened"}
2026-08-28 10:14:51,593 | INFO | {"event": "application_closed"}
2026-08-28 10:14:52,058 | INFO | {"event": "application_opened"}
2026-08-28 10:14:52,071 | INFO | {"event": "application_closed"}
2026-08-28 10:14:52,072 | INFO | {"event": "auto_detection_started", "port": "COM-TEST"}
2026-08-28 10:14:52,073 | INFO | {"baudrate": 9600, "bytesize": 8, "event": "auto_detection_locked", "parity": "N", "port": "COM-TEST", "stopbits": 1.0, "tested_baudrates": [9600]}
2026-08-28 10:14:52,073 | INFO | {"byte_count": 8, "event": "passive_modbus_frame_received", "port": "COM-TEST", "raw_hex": "01 03 00 00 00 01 84 0A"}
2026-08-28 10:14:52,074 | INFO | {"event": "auto_detection_stopped", "port": "COM-TEST"}
2026-08-28 10:14:52,547 | INFO | {"event": "application_opened"}
2026-08-28 10:14:52,548 | INFO | {"event": "application_closed"}
2026-08-28 10:14:52,548 | INFO | {"event": "application_closed"}
2026-08-28 10:14:53,009 | INFO | {"event": "application_opened"}
2026-08-28 10:14:53,012 | INFO | {"event": "application_closed"}
2026-08-28 10:14:53,476 | INFO | {"event": "application_opened"}
2026-08-28 10:14:53,484 | INFO | {"event": "application_closed"}
2026-08-28 10:14:54,037 | INFO | {"data_type": "float32", "event": "profile_register_decoded", "function_code": 3, "parsed_value": "23.5", "profile_id": "141675e6d2a641dd99f4c2d9a2f27553", "raw_hex": "0x41BC0000", "register_address": 100}
2026-08-28 10:14:54,083 | INFO | {"data_type": "float64", "event": "profile_register_decoded", "function_code": 3, "parsed_value": "100.25", "profile_id": "37ae46a32bd74051b121308df48139fb", "raw_hex": "0x4059100000000000", "register_address": 300}
2026-08-28 10:14:54,130 | INFO | {"data_type": "int16", "event": "profile_register_decoded", "function_code": 3, "parsed_value": "-1", "profile_id": "d15bf43c824a43d5b5e2d63f8232d749", "raw_hex": "0xFFFF", "register_address": 100}
2026-08-28 10:14:54,181 | INFO | {"data_type": "int64", "event": "profile_register_decoded", "function_code": 3, "parsed_value": "-1", "profile_id": "86dbf19f793740c08056febd94ddb594", "raw_hex": "0xFFFFFFFFFFFFFFFF", "register_address": 300}
2026-08-28 10:14:54,228 | INFO | {"data_type": "uint32", "event": "profile_register_decoded", "function_code": 3, "parsed_value": "33554688", "profile_id": "8811c1dfafe14ec3bdddf7358f73d56c", "raw_hex": "0x02000100", "register_address": 100}
2026-08-28 10:14:54,276 | INFO | {"data_type": "uint32", "event": "profile_register_decoded", "function_code": 3, "parsed_value": "100", "profile_id": "da556b6198084cc38a91a2bdfe814338", "raw_hex": "0x00000064", "register_address": 100}
2026-08-28 10:14:54,367 | INFO | {"data_type": "uint32", "event": "profile_register_decoded", "function_code": 3, "parsed_value": "65538", "profile_id": "47264f008ae643a4a041af390e78ecb9", "raw_hex": "0x00010002", "register_address": 100}
2026-08-28 10:14:54,414 | INFO | {"data_type": "uint64", "event": "profile_register_decoded", "function_code": 3, "parsed_value": "281483566841860", "profile_id": "203894473ca14c4d865c6269c6640352", "raw_hex": "0x0001000200030004", "register_address": 300}
2026-08-28 10:14:56,351 | INFO | {"event": "application_opened"}
2026-08-28 10:14:56,990 | INFO | {"event": "application_closed"}
2026-08-28 10:14:57,448 | INFO | {"event": "application_opened"}
2026-08-28 10:14:58,079 | INFO | {"event": "application_closed"}
2026-08-28 10:14:58,526 | INFO | {"event": "application_opened"}
2026-08-28 10:14:59,257 | INFO | {"event": "application_closed"}
2026-08-28 10:14:59,698 | INFO | {"event": "application_opened"}
2026-08-28 10:15:00,329 | INFO | {"event": "application_closed"}
2026-08-28 10:15:00,782 | INFO | {"event": "application_opened"}
2026-08-28 10:15:01,085 | INFO | {"event": "application_closed"}
2026-08-28 10:15:01,534 | INFO | {"event": "application_opened"}
2026-08-28 10:15:03,309 | INFO | {"event": "application_closed"}
2026-08-28 10:15:03,750 | INFO | {"event": "application_opened"}
2026-08-28 10:15:04,354 | INFO | {"event": "application_closed"}
2026-08-28 10:15:04,795 | INFO | {"event": "application_opened"}
2026-08-28 10:15:05,142 | INFO | {"event": "application_closed"}
2026-08-28 10:15:05,598 | INFO | {"event": "application_opened"}
2026-08-28 10:15:05,666 | INFO | {"event": "application_closed"}
2026-08-28 10:15:06,124 | INFO | {"event": "application_opened"}
2026-08-28 10:15:06,750 | INFO | {"event": "application_closed"}
2026-08-28 10:15:07,210 | INFO | {"event": "application_opened"}
2026-08-28 10:15:07,281 | INFO | {"event": "application_closed"}
2026-08-28 10:15:07,737 | INFO | {"event": "application_opened"}
2026-08-28 10:15:08,120 | INFO | {"event": "application_closed"}
2026-08-28 10:15:08,569 | INFO | {"event": "application_opened"}
2026-08-28 10:15:09,258 | INFO | {"event": "application_closed"}
2026-08-28 10:15:09,743 | INFO | {"event": "application_opened"}
2026-08-28 10:15:10,389 | INFO | {"event": "application_closed"}
2026-08-28 10:15:10,847 | INFO | {"event": "application_opened"}
2026-08-28 10:15:11,191 | INFO | {"event": "application_closed"}
2026-08-28 10:15:11,638 | INFO | {"event": "application_opened"}
2026-08-28 10:15:11,707 | INFO | {"event": "application_closed"}
2026-08-28 10:15:12,171 | INFO | {"event": "application_opened"}
2026-08-28 10:15:12,843 | INFO | {"event": "application_closed"}
2026-08-28 10:15:13,316 | INFO | {"event": "application_opened"}
2026-08-28 10:15:14,220 | INFO | {"event": "application_closed"}
2026-08-28 10:15:14,705 | INFO | {"event": "application_opened"}
2026-08-28 10:15:15,054 | INFO | {"event": "application_closed"}
2026-08-28 10:15:15,508 | INFO | {"event": "application_opened"}
2026-08-28 10:15:16,160 | INFO | {"event": "application_closed"}
2026-08-28 10:25:25,960 | INFO | {"data_type": "float32", "event": "profile_register_decoded", "function_code": 3, "parsed_value": "23.5", "profile_id": "fb194704714e461daf4489d6556cb073", "raw_hex": "0x41BC0000", "register_address": 100, "slave_id": 80}
2026-08-28 10:25:26,019 | INFO | {"data_type": "float64", "event": "profile_register_decoded", "function_code": 3, "parsed_value": "100.25", "profile_id": "d189808e6cbf49758faaa83ee84ef82f", "raw_hex": "0x4059100000000000", "register_address": 300, "slave_id": 80}
2026-08-28 10:25:26,086 | INFO | {"data_type": "int16", "event": "profile_register_decoded", "function_code": 3, "parsed_value": "-1", "profile_id": "24f9ac5b98ce4fc8992fa8264a7eef14", "raw_hex": "0xFFFF", "register_address": 100, "slave_id": 80}
2026-08-28 10:25:26,144 | INFO | {"data_type": "int64", "event": "profile_register_decoded", "function_code": 3, "parsed_value": "-1", "profile_id": "9967fc944c60404db6163e53fc15fb6a", "raw_hex": "0xFFFFFFFFFFFFFFFF", "register_address": 300, "slave_id": 80}
2026-08-28 10:25:26,204 | INFO | {"data_type": "uint32", "event": "profile_register_decoded", "function_code": 3, "parsed_value": "33554688", "profile_id": "e455be80007e48ef80b61405e647dd13", "raw_hex": "0x02000100", "register_address": 100, "slave_id": 80}
2026-08-28 10:25:26,264 | INFO | {"data_type": "uint32", "event": "profile_register_decoded", "function_code": 3, "parsed_value": "100", "profile_id": "837bc4d02b9a48458de989d07f56df8f", "raw_hex": "0x00000064", "register_address": 100, "slave_id": 80}
2026-08-28 10:25:26,399 | INFO | {"data_type": "uint32", "event": "profile_register_decoded", "function_code": 3, "parsed_value": "65538", "profile_id": "6f8ac6cebf5d46de96a98642c18d03fb", "raw_hex": "0x00010002", "register_address": 100, "slave_id": 80}
2026-08-28 10:25:26,474 | INFO | {"data_type": "uint64", "event": "profile_register_decoded", "function_code": 3, "parsed_value": "281483566841860", "profile_id": "8bb28c6ebead459698a97eeaaaca615d", "raw_hex": "0x0001000200030004", "register_address": 300, "slave_id": 80}
2026-08-28 10:25:40,346 | INFO | {"data_type": "float32", "event": "profile_register_decoded", "function_code": 3, "parsed_value": "23.5", "profile_id": "c556a206df7542a484aa5ae80325afee", "raw_hex": "0x41BC0000", "register_address": 100, "slave_id": 80}
2026-08-28 10:25:40,407 | INFO | {"data_type": "float64", "event": "profile_register_decoded", "function_code": 3, "parsed_value": "100.25", "profile_id": "996701ffff5046e897b05d2b602deffc", "raw_hex": "0x4059100000000000", "register_address": 300, "slave_id": 80}
2026-08-28 10:25:40,468 | INFO | {"data_type": "int16", "event": "profile_register_decoded", "function_code": 3, "parsed_value": "-1", "profile_id": "d8b86b9c55744978ba0d5f90d06d0649", "raw_hex": "0xFFFF", "register_address": 100, "slave_id": 80}
2026-08-28 10:25:40,535 | INFO | {"data_type": "int64", "event": "profile_register_decoded", "function_code": 3, "parsed_value": "-1", "profile_id": "3548529ba24e42a39f9be8156c6e3f0a", "raw_hex": "0xFFFFFFFFFFFFFFFF", "register_address": 300, "slave_id": 80}
2026-08-28 10:25:40,606 | INFO | {"data_type": "uint32", "event": "profile_register_decoded", "function_code": 3, "parsed_value": "33554688", "profile_id": "d280fd50684f4e2f92a64cca55789986", "raw_hex": "0x02000100", "register_address": 100, "slave_id": 80}
2026-08-28 10:25:40,686 | INFO | {"data_type": "uint32", "event": "profile_register_decoded", "function_code": 3, "parsed_value": "100", "profile_id": "a833167b3aaf4aa0986d951c5fc4799e", "raw_hex": "0x00000064", "register_address": 100, "slave_id": 80}
2026-08-28 10:25:40,845 | INFO | {"data_type": "uint32", "event": "profile_register_decoded", "function_code": 3, "parsed_value": "65538", "profile_id": "09cc5476ef08477ea760661846dd28a4", "raw_hex": "0x00010002", "register_address": 100, "slave_id": 80}
2026-08-28 10:25:40,904 | INFO | {"data_type": "uint64", "event": "profile_register_decoded", "function_code": 3, "parsed_value": "281483566841860", "profile_id": "b08422d8df0e47bd9ee29cd02be1cfb3", "raw_hex": "0x0001000200030004", "register_address": 300, "slave_id": 80}
2026-08-28 10:26:04,108 | INFO | {"event": "auto_detection_started", "port": "COM-TEST"}
2026-08-28 10:26:04,110 | INFO | {"baudrate": 9600, "bytesize": 8, "event": "auto_detection_locked", "parity": "N", "port": "COM-TEST", "stopbits": 1.0, "tested_baudrates": [9600]}
2026-08-28 10:26:04,111 | INFO | {"byte_count": 8, "event": "passive_modbus_frame_received", "port": "COM-TEST", "raw_hex": "01 03 00 00 00 01 84 0A"}
2026-08-28 10:26:04,111 | INFO | {"event": "auto_detection_stopped", "port": "COM-TEST"}
2026-08-28 10:26:04,710 | INFO | {"event": "application_opened"}
2026-08-28 10:26:04,710 | INFO | {"event": "application_closed"}
2026-08-28 10:26:04,711 | INFO | {"event": "application_closed"}
2026-08-28 10:26:05,429 | INFO | {"event": "application_opened"}
2026-08-28 10:26:05,432 | INFO | {"event": "application_closed"}
2026-08-28 10:26:06,044 | INFO | {"event": "application_opened"}
2026-08-28 10:26:06,051 | INFO | {"event": "application_closed"}
2026-08-28 10:27:05,864 | INFO | {"event": "auto_detection_started", "port": "COM-TEST"}
2026-08-28 10:27:05,866 | INFO | {"baudrate": 9600, "bytesize": 8, "event": "auto_detection_locked", "parity": "N", "port": "COM-TEST", "stopbits": 1.0, "tested_baudrates": [9600]}
2026-08-28 10:27:05,866 | INFO | {"byte_count": 8, "event": "passive_modbus_frame_received", "port": "COM-TEST", "raw_hex": "01 03 00 00 00 01 84 0A"}
2026-08-28 10:27:05,867 | INFO | {"event": "auto_detection_stopped", "port": "COM-TEST"}
2026-08-28 10:27:05,868 | INFO | {"event": "capture_thread_start", "mode": "config", "port": "COM-TEST"}
2026-08-28 10:27:06,437 | INFO | {"event": "application_opened"}
2026-08-28 10:27:06,438 | INFO | {"event": "application_closed"}
2026-08-28 10:27:06,940 | INFO | {"event": "application_opened"}
2026-08-28 10:27:06,954 | INFO | {"event": "application_closed"}
2026-08-28 10:27:06,955 | INFO | {"event": "auto_detection_started", "port": "COM-TEST"}
2026-08-28 10:27:06,956 | INFO | {"baudrate": 9600, "bytesize": 8, "event": "auto_detection_locked", "parity": "N", "port": "COM-TEST", "stopbits": 1.0, "tested_baudrates": [9600]}
2026-08-28 10:27:06,956 | INFO | {"byte_count": 8, "event": "passive_modbus_frame_received", "port": "COM-TEST", "raw_hex": "01 03 00 00 00 01 84 0A"}
2026-08-28 10:27:06,957 | INFO | {"event": "auto_detection_stopped", "port": "COM-TEST"}
2026-08-28 10:27:07,447 | INFO | {"event": "application_opened"}
2026-08-28 10:27:07,447 | INFO | {"event": "application_closed"}
2026-08-28 10:27:07,447 | INFO | {"event": "application_closed"}
2026-08-28 10:27:07,922 | INFO | {"event": "application_opened"}
2026-08-28 10:27:07,924 | INFO | {"event": "application_closed"}
2026-08-28 10:27:08,410 | INFO | {"event": "application_opened"}
2026-08-28 10:27:08,417 | INFO | {"event": "application_closed"}
2026-08-28 10:27:09,090 | INFO | {"data_type": "float32", "event": "profile_register_decoded", "function_code": 3, "parsed_value": "23.5", "profile_id": "fb86595f95354c168c0692fd9920f026", "raw_hex": "0x41BC0000", "register_address": 100, "slave_id": 80}
2026-08-28 10:27:09,142 | INFO | {"data_type": "float64", "event": "profile_register_decoded", "function_code": 3, "parsed_value": "100.25", "profile_id": "cd6a849ec3914f0e99c71b8125f2fb9c", "raw_hex": "0x4059100000000000", "register_address": 300, "slave_id": 80}
2026-08-28 10:27:09,192 | INFO | {"data_type": "int16", "event": "profile_register_decoded", "function_code": 3, "parsed_value": "-1", "profile_id": "0ef185bbaf924f2a91cc3d8909dfa8a2", "raw_hex": "0xFFFF", "register_address": 100, "slave_id": 80}
2026-08-28 10:27:09,242 | INFO | {"data_type": "int64", "event": "profile_register_decoded", "function_code": 3, "parsed_value": "-1", "profile_id": "a1b33cb719374f58b50f9db0f1fc0e40", "raw_hex": "0xFFFFFFFFFFFFFFFF", "register_address": 300, "slave_id": 80}
2026-08-28 10:27:09,296 | INFO | {"data_type": "uint32", "event": "profile_register_decoded", "function_code": 3, "parsed_value": "33554688", "profile_id": "5312bbf120604362b775f1a13df94d1d", "raw_hex": "0x02000100", "register_address": 100, "slave_id": 80}
2026-08-28 10:27:09,346 | INFO | {"data_type": "uint32", "event": "profile_register_decoded", "function_code": 3, "parsed_value": "100", "profile_id": "51628d87fb6145048465848c5d5626cc", "raw_hex": "0x00000064", "register_address": 100, "slave_id": 80}
2026-08-28 10:27:09,445 | INFO | {"data_type": "uint32", "event": "profile_register_decoded", "function_code": 3, "parsed_value": "65538", "profile_id": "06f8b07ebe2a412c961434aaf43cc193", "raw_hex": "0x00010002", "register_address": 100, "slave_id": 80}
2026-08-28 10:27:09,495 | INFO | {"data_type": "uint64", "event": "profile_register_decoded", "function_code": 3, "parsed_value": "281483566841860", "profile_id": "7372dc5375274556a9ba2b301a194307", "raw_hex": "0x0001000200030004", "register_address": 300, "slave_id": 80}
2026-08-28 10:27:12,342 | INFO | {"event": "application_opened"}
2026-08-28 10:27:13,002 | INFO | {"event": "application_closed"}
2026-08-28 10:27:13,477 | INFO | {"event": "application_opened"}
2026-08-28 10:27:14,149 | INFO | {"event": "application_closed"}
2026-08-28 10:27:14,636 | INFO | {"event": "application_opened"}
2026-08-28 10:27:15,463 | INFO | {"event": "application_closed"}
2026-08-28 10:27:15,924 | INFO | {"event": "application_opened"}
2026-08-28 10:27:16,573 | INFO | {"event": "application_closed"}
2026-08-28 10:27:17,049 | INFO | {"event": "application_opened"}
2026-08-28 10:27:17,358 | INFO | {"event": "application_closed"}
2026-08-28 10:27:17,821 | INFO | {"event": "application_opened"}
2026-08-28 10:27:19,618 | INFO | {"event": "application_closed"}
2026-08-28 10:27:20,075 | INFO | {"event": "application_opened"}
2026-08-28 10:27:20,697 | INFO | {"event": "application_closed"}
2026-08-28 10:27:21,163 | INFO | {"event": "application_opened"}
2026-08-28 10:27:21,524 | INFO | {"event": "application_closed"}
2026-08-28 10:27:22,003 | INFO | {"event": "application_opened"}
2026-08-28 10:27:22,077 | INFO | {"event": "application_closed"}
2026-08-28 10:27:22,564 | INFO | {"event": "application_opened"}
2026-08-28 10:27:23,212 | INFO | {"event": "application_closed"}
2026-08-28 10:27:23,827 | INFO | {"event": "application_opened"}
2026-08-28 10:27:23,896 | INFO | {"event": "application_closed"}
2026-08-28 10:27:24,380 | INFO | {"event": "application_opened"}
2026-08-28 10:27:24,777 | INFO | {"event": "application_closed"}
2026-08-28 10:27:25,301 | INFO | {"event": "application_opened"}
2026-08-28 10:27:25,971 | INFO | {"event": "application_closed"}
2026-08-28 10:27:26,437 | INFO | {"event": "application_opened"}
2026-08-28 10:27:27,084 | INFO | {"event": "application_closed"}
2026-08-28 10:27:27,564 | INFO | {"event": "application_opened"}
2026-08-28 10:27:27,917 | INFO | {"event": "application_closed"}
2026-08-28 10:27:28,397 | INFO | {"event": "application_opened"}
2026-08-28 10:27:28,468 | INFO | {"event": "application_closed"}
2026-08-28 10:27:28,945 | INFO | {"event": "application_opened"}
2026-08-28 10:27:29,627 | INFO | {"event": "application_closed"}
2026-08-28 10:27:30,100 | INFO | {"event": "application_opened"}
2026-08-28 10:27:31,057 | INFO | {"event": "application_closed"}
2026-08-28 10:27:31,533 | INFO | {"event": "application_opened"}
2026-08-28 10:27:31,908 | INFO | {"event": "application_closed"}
2026-08-28 10:27:32,373 | INFO | {"event": "application_opened"}
2026-08-28 10:27:33,031 | INFO | {"event": "application_closed"}
2026-08-28 10:28:29,173 | INFO | {"event": "auto_detection_started", "port": "COM-TEST"}
2026-08-28 10:28:29,175 | INFO | {"baudrate": 9600, "bytesize": 8, "event": "auto_detection_locked", "parity": "N", "port": "COM-TEST", "stopbits": 1.0, "tested_baudrates": [9600]}
2026-08-28 10:28:29,176 | INFO | {"byte_count": 8, "event": "passive_modbus_frame_received", "port": "COM-TEST", "raw_hex": "01 03 00 00 00 01 84 0A"}
2026-08-28 10:28:29,176 | INFO | {"event": "auto_detection_stopped", "port": "COM-TEST"}
2026-08-28 10:28:29,178 | INFO | {"event": "capture_thread_start", "mode": "config", "port": "COM-TEST"}
2026-08-28 10:28:29,747 | INFO | {"event": "application_opened"}
2026-08-28 10:28:29,748 | INFO | {"event": "application_closed"}
2026-08-28 10:28:30,234 | INFO | {"event": "application_opened"}
2026-08-28 10:28:30,248 | INFO | {"event": "application_closed"}
2026-08-28 10:28:30,250 | INFO | {"event": "auto_detection_started", "port": "COM-TEST"}
2026-08-28 10:28:30,251 | INFO | {"baudrate": 9600, "bytesize": 8, "event": "auto_detection_locked", "parity": "N", "port": "COM-TEST", "stopbits": 1.0, "tested_baudrates": [9600]}
2026-08-28 10:28:30,251 | INFO | {"byte_count": 8, "event": "passive_modbus_frame_received", "port": "COM-TEST", "raw_hex": "01 03 00 00 00 01 84 0A"}
2026-08-28 10:28:30,251 | INFO | {"event": "auto_detection_stopped", "port": "COM-TEST"}
2026-08-28 10:28:30,746 | INFO | {"event": "application_opened"}
2026-08-28 10:28:30,746 | INFO | {"event": "application_closed"}
2026-08-28 10:28:30,747 | INFO | {"event": "application_closed"}
2026-08-28 10:28:31,228 | INFO | {"event": "application_opened"}
2026-08-28 10:28:31,231 | INFO | {"event": "application_closed"}
2026-08-28 10:28:31,719 | INFO | {"event": "application_opened"}
2026-08-28 10:28:31,726 | INFO | {"event": "application_closed"}
2026-08-28 10:28:32,403 | INFO | {"data_type": "float32", "event": "profile_register_decoded", "function_code": 3, "parsed_value": "23.5", "profile_id": "c06abcc2abfa4567a444b7f782dc747b", "raw_hex": "0x41BC0000", "register_address": 100, "slave_id": 80}
2026-08-28 10:28:32,452 | INFO | {"data_type": "float64", "event": "profile_register_decoded", "function_code": 3, "parsed_value": "100.25", "profile_id": "9c81bc958bce4b459fea14deebe8e72d", "raw_hex": "0x4059100000000000", "register_address": 300, "slave_id": 80}
2026-08-28 10:28:32,504 | INFO | {"data_type": "int16", "event": "profile_register_decoded", "function_code": 3, "parsed_value": "-1", "profile_id": "99b80fb319d946dbb4b980917ceeda33", "raw_hex": "0xFFFF", "register_address": 100, "slave_id": 80}
2026-08-28 10:28:32,553 | INFO | {"data_type": "int64", "event": "profile_register_decoded", "function_code": 3, "parsed_value": "-1", "profile_id": "c11e820359b942e59ad9c7d8c6562003", "raw_hex": "0xFFFFFFFFFFFFFFFF", "register_address": 300, "slave_id": 80}
2026-08-28 10:28:32,604 | INFO | {"data_type": "uint32", "event": "profile_register_decoded", "function_code": 3, "parsed_value": "33554688", "profile_id": "2bfdaa9b29304d628838493f2052154f", "raw_hex": "0x02000100", "register_address": 100, "slave_id": 80}
2026-08-28 10:28:32,656 | INFO | {"data_type": "uint32", "event": "profile_register_decoded", "function_code": 3, "parsed_value": "100", "profile_id": "3fe9aa42ba66458b97c4a1607b123edb", "raw_hex": "0x00000064", "register_address": 100, "slave_id": 80}
2026-08-28 10:28:32,761 | INFO | {"data_type": "uint32", "event": "profile_register_decoded", "function_code": 3, "parsed_value": "65538", "profile_id": "8d73d4ba73e8448b9d4da6da164c6991", "raw_hex": "0x00010002", "register_address": 100, "slave_id": 80}
2026-08-28 10:28:32,813 | INFO | {"data_type": "uint64", "event": "profile_register_decoded", "function_code": 3, "parsed_value": "281483566841860", "profile_id": "9a21119e70e449728150c254a48f421a", "raw_hex": "0x0001000200030004", "register_address": 300, "slave_id": 80}
2026-08-28 10:28:35,640 | INFO | {"event": "application_opened"}
2026-08-28 10:28:36,311 | INFO | {"event": "application_closed"}
2026-08-28 10:28:36,792 | INFO | {"event": "application_opened"}
2026-08-28 10:28:37,457 | INFO | {"event": "application_closed"}
2026-08-28 10:28:37,931 | INFO | {"event": "application_opened"}
2026-08-28 10:28:38,886 | INFO | {"event": "application_closed"}
2026-08-28 10:28:39,354 | INFO | {"event": "application_opened"}
2026-08-28 10:28:40,017 | INFO | {"event": "application_closed"}
2026-08-28 10:28:40,506 | INFO | {"event": "application_opened"}
2026-08-28 10:28:40,816 | INFO | {"event": "application_closed"}
2026-08-28 10:28:41,285 | INFO | {"event": "application_opened"}
2026-08-28 10:28:43,115 | INFO | {"event": "application_closed"}
2026-08-28 10:28:43,587 | INFO | {"event": "application_opened"}
2026-08-28 10:28:44,252 | INFO | {"event": "application_closed"}
2026-08-28 10:28:44,727 | INFO | {"event": "application_opened"}
2026-08-28 10:28:45,089 | INFO | {"event": "application_closed"}
2026-08-28 10:28:45,565 | INFO | {"event": "application_opened"}
2026-08-28 10:28:45,635 | INFO | {"event": "application_closed"}
2026-08-28 10:28:46,122 | INFO | {"event": "application_opened"}
2026-08-28 10:28:46,787 | INFO | {"event": "application_closed"}
2026-08-28 10:28:47,270 | INFO | {"event": "application_opened"}
2026-08-28 10:28:47,340 | INFO | {"event": "application_closed"}
2026-08-28 10:28:47,828 | INFO | {"event": "application_opened"}
2026-08-28 10:28:48,225 | INFO | {"event": "application_closed"}
2026-08-28 10:28:48,706 | INFO | {"event": "application_opened"}
2026-08-28 10:28:49,427 | INFO | {"event": "application_closed"}
2026-08-28 10:28:49,949 | INFO | {"event": "application_opened"}
2026-08-28 10:28:50,620 | INFO | {"event": "application_closed"}
2026-08-28 10:28:51,094 | INFO | {"event": "application_opened"}
2026-08-28 10:28:51,457 | INFO | {"event": "application_closed"}
2026-08-28 10:28:51,940 | INFO | {"event": "application_opened"}
2026-08-28 10:28:52,011 | INFO | {"event": "application_closed"}
2026-08-28 10:28:52,498 | INFO | {"event": "application_opened"}
2026-08-28 10:28:53,169 | INFO | {"event": "application_closed"}
2026-08-28 10:28:53,653 | INFO | {"event": "application_opened"}
2026-08-28 10:28:54,609 | INFO | {"event": "application_closed"}
2026-08-28 10:28:55,088 | INFO | {"event": "application_opened"}
2026-08-28 10:28:55,476 | INFO | {"event": "application_closed"}
2026-08-28 10:28:55,951 | INFO | {"event": "application_opened"}
2026-08-28 10:28:56,628 | INFO | {"event": "application_closed"}
2026-08-28 10:29:17,375 | INFO | {"event": "auto_detection_started", "port": "COM-TEST"}
2026-08-28 10:29:17,378 | INFO | {"baudrate": 9600, "bytesize": 8, "event": "auto_detection_locked", "parity": "N", "port": "COM-TEST", "stopbits": 1.0, "tested_baudrates": [9600]}
2026-08-28 10:29:17,378 | INFO | {"byte_count": 8, "event": "passive_modbus_frame_received", "port": "COM-TEST", "raw_hex": "01 03 00 00 00 01 84 0A"}
2026-08-28 10:29:17,379 | INFO | {"event": "auto_detection_stopped", "port": "COM-TEST"}
2026-08-28 10:29:17,380 | INFO | {"event": "capture_thread_start", "mode": "config", "port": "COM-TEST"}
2026-08-28 10:29:17,930 | INFO | {"event": "application_opened"}
2026-08-28 10:29:17,931 | INFO | {"event": "application_closed"}
2026-08-28 10:29:18,416 | INFO | {"event": "application_opened"}
2026-08-28 10:29:18,429 | INFO | {"event": "application_closed"}
2026-08-28 10:29:18,431 | INFO | {"event": "auto_detection_started", "port": "COM-TEST"}
2026-08-28 10:29:18,432 | INFO | {"baudrate": 9600, "bytesize": 8, "event": "auto_detection_locked", "parity": "N", "port": "COM-TEST", "stopbits": 1.0, "tested_baudrates": [9600]}
2026-08-28 10:29:18,432 | INFO | {"byte_count": 8, "event": "passive_modbus_frame_received", "port": "COM-TEST", "raw_hex": "01 03 00 00 00 01 84 0A"}
2026-08-28 10:29:18,432 | INFO | {"event": "auto_detection_stopped", "port": "COM-TEST"}
2026-08-28 10:29:18,922 | INFO | {"event": "application_opened"}
2026-08-28 10:29:18,922 | INFO | {"event": "application_closed"}
2026-08-28 10:29:18,923 | INFO | {"event": "application_closed"}
2026-08-28 10:29:19,408 | INFO | {"event": "application_opened"}
2026-08-28 10:29:19,411 | INFO | {"event": "application_closed"}
2026-08-28 10:29:19,908 | INFO | {"event": "application_opened"}
2026-08-28 10:29:19,915 | INFO | {"event": "application_closed"}
2026-08-28 10:29:20,588 | INFO | {"data_type": "float32", "event": "profile_register_decoded", "function_code": 3, "parsed_value": "23.5", "profile_id": "0705b15cab9d4ff5833a8b7a115420e4", "raw_hex": "0x41BC0000", "register_address": 100, "slave_id": 80}
2026-08-28 10:29:20,637 | INFO | {"data_type": "float64", "event": "profile_register_decoded", "function_code": 3, "parsed_value": "100.25", "profile_id": "157f3a1caec24952988f1f6c907dd0aa", "raw_hex": "0x4059100000000000", "register_address": 300, "slave_id": 80}
2026-08-28 10:29:20,694 | INFO | {"data_type": "int16", "event": "profile_register_decoded", "function_code": 3, "parsed_value": "-1", "profile_id": "2e2b268b608b4809a60bcbee3a44a8a7", "raw_hex": "0xFFFF", "register_address": 100, "slave_id": 80}
2026-08-28 10:29:20,744 | INFO | {"data_type": "int64", "event": "profile_register_decoded", "function_code": 3, "parsed_value": "-1", "profile_id": "58785a046bf44525bf44e2e00bf64c78", "raw_hex": "0xFFFFFFFFFFFFFFFF", "register_address": 300, "slave_id": 80}
2026-08-28 10:29:20,795 | INFO | {"data_type": "uint32", "event": "profile_register_decoded", "function_code": 3, "parsed_value": "33554688", "profile_id": "c66cbf6ddcb94141904ffcb54e653999", "raw_hex": "0x02000100", "register_address": 100, "slave_id": 80}
2026-08-28 10:29:20,847 | INFO | {"data_type": "uint32", "event": "profile_register_decoded", "function_code": 3, "parsed_value": "100", "profile_id": "3809bcae77774038985d24fee400ef4a", "raw_hex": "0x00000064", "register_address": 100, "slave_id": 80}
2026-08-28 10:29:20,946 | INFO | {"data_type": "uint32", "event": "profile_register_decoded", "function_code": 3, "parsed_value": "65538", "profile_id": "9e7eb0c3f86748baa2840ab5b54c1ee4", "raw_hex": "0x00010002", "register_address": 100, "slave_id": 80}
2026-08-28 10:29:20,997 | INFO | {"data_type": "uint64", "event": "profile_register_decoded", "function_code": 3, "parsed_value": "281483566841860", "profile_id": "07858ad94f56470f960b36a0d92b93a3", "raw_hex": "0x0001000200030004", "register_address": 300, "slave_id": 80}
2026-08-28 10:29:23,817 | INFO | {"event": "application_opened"}
2026-08-28 10:29:24,476 | INFO | {"event": "application_closed"}
2026-08-28 10:29:24,953 | INFO | {"event": "application_opened"}
2026-08-28 10:29:25,606 | INFO | {"event": "application_closed"}
2026-08-28 10:29:26,075 | INFO | {"event": "application_opened"}
2026-08-28 10:29:26,830 | INFO | {"event": "application_closed"}
2026-08-28 10:29:27,295 | INFO | {"event": "application_opened"}
2026-08-28 10:29:27,946 | INFO | {"event": "application_closed"}
2026-08-28 10:29:28,428 | INFO | {"event": "application_opened"}
2026-08-28 10:29:28,732 | INFO | {"event": "application_closed"}
2026-08-28 10:29:29,199 | INFO | {"event": "application_opened"}
2026-08-28 10:29:31,037 | INFO | {"event": "application_closed"}
2026-08-28 10:29:31,501 | INFO | {"event": "application_opened"}
2026-08-28 10:29:32,120 | INFO | {"event": "application_closed"}
2026-08-28 10:29:32,590 | INFO | {"event": "application_opened"}
2026-08-28 10:29:32,956 | INFO | {"event": "application_closed"}
2026-08-28 10:29:33,428 | INFO | {"event": "application_opened"}
2026-08-28 10:29:33,498 | INFO | {"event": "application_closed"}
2026-08-28 10:29:33,980 | INFO | {"event": "application_opened"}
2026-08-28 10:29:34,629 | INFO | {"event": "application_closed"}
2026-08-28 10:29:35,144 | INFO | {"event": "application_opened"}
2026-08-28 10:29:35,214 | INFO | {"event": "application_closed"}
2026-08-28 10:29:35,697 | INFO | {"event": "application_opened"}
2026-08-28 10:29:36,084 | INFO | {"event": "application_closed"}
2026-08-28 10:29:36,553 | INFO | {"event": "application_opened"}
2026-08-28 10:29:37,213 | INFO | {"event": "application_closed"}
2026-08-28 10:29:37,698 | INFO | {"event": "application_opened"}
2026-08-28 10:29:38,351 | INFO | {"event": "application_closed"}
2026-08-28 10:29:38,831 | INFO | {"event": "application_opened"}
2026-08-28 10:29:39,182 | INFO | {"event": "application_closed"}
2026-08-28 10:29:39,652 | INFO | {"event": "application_opened"}
2026-08-28 10:29:39,725 | INFO | {"event": "application_closed"}
2026-08-28 10:29:40,200 | INFO | {"event": "application_opened"}
2026-08-28 10:29:40,866 | INFO | {"event": "application_closed"}
2026-08-28 10:29:41,343 | INFO | {"event": "application_opened"}
2026-08-28 10:29:42,285 | INFO | {"event": "application_closed"}
2026-08-28 10:29:42,754 | INFO | {"event": "application_opened"}
2026-08-28 10:29:43,107 | INFO | {"event": "application_closed"}
2026-08-28 10:29:43,576 | INFO | {"event": "application_opened"}
2026-08-28 10:29:44,241 | INFO | {"event": "application_closed"}
2026-08-28 10:50:15,331 | INFO | {"event": "application_opened"}
2026-08-28 11:04:58,793 | INFO | {"event": "application_closed"}
2026-08-28 11:19:56,900 | INFO | {"data_type": "float32", "event": "profile_register_decoded", "function_code": 3, "parsed_value": "23.5", "profile_id": "ee0f984e41944af19a47e34128e74dc3", "raw_hex": "0x41BC0000", "register_address": 100, "slave_id": 80}
2026-08-28 11:19:56,951 | INFO | {"data_type": "float64", "event": "profile_register_decoded", "function_code": 3, "parsed_value": "100.25", "profile_id": "68eb80fc2dd74793b44634d0d82323d0", "raw_hex": "0x4059100000000000", "register_address": 300, "slave_id": 80}
2026-08-28 11:19:56,998 | INFO | {"data_type": "int16", "event": "profile_register_decoded", "function_code": 3, "parsed_value": "-1", "profile_id": "2b15ee1b4ec24158976d2e68a4aec0fc", "raw_hex": "0xFFFF", "register_address": 100, "slave_id": 80}
2026-08-28 11:19:57,045 | INFO | {"data_type": "int64", "event": "profile_register_decoded", "function_code": 3, "parsed_value": "-1", "profile_id": "6d598ba974e540f2b8da0d91dfda021d", "raw_hex": "0xFFFFFFFFFFFFFFFF", "register_address": 300, "slave_id": 80}
2026-08-28 11:19:57,091 | INFO | {"data_type": "uint32", "event": "profile_register_decoded", "function_code": 3, "parsed_value": "33554688", "profile_id": "5106d36096e24f9f8a4ecb1c1044f390", "raw_hex": "0x02000100", "register_address": 100, "slave_id": 80}
2026-08-28 11:19:57,138 | INFO | {"data_type": "uint32", "event": "profile_register_decoded", "function_code": 3, "parsed_value": "100", "profile_id": "5f94fc2ef05f4fa391da7b5806aca389", "raw_hex": "0x00000064", "register_address": 100, "slave_id": 80}
2026-08-28 11:19:57,229 | INFO | {"data_type": "uint32", "event": "profile_register_decoded", "function_code": 3, "parsed_value": "65538", "profile_id": "93cee79b736a4600aeaca6ffeb9156b5", "raw_hex": "0x00010002", "register_address": 100, "slave_id": 80}
2026-08-28 11:19:57,277 | INFO | {"data_type": "uint64", "event": "profile_register_decoded", "function_code": 3, "parsed_value": "281483566841860", "profile_id": "4de87898b62d4edeaa7e225c1d5dccbe", "raw_hex": "0x0001000200030004", "register_address": 300, "slave_id": 80}
2026-08-28 11:19:57,659 | INFO | {"data_type": "uint16", "event": "profile_register_decoded", "function_code": 3, "parsed_value": "111", "profile_id": "e4b21ffacf2c46668adcc8ff98e83859", "raw_hex": "0x006F", "register_address": 10, "slave_id": 1}
2026-08-28 11:19:57,660 | INFO | {"data_type": "uint16", "event": "profile_register_decoded", "function_code": 3, "parsed_value": "222", "profile_id": "e4b21ffacf2c46668adcc8ff98e83859", "raw_hex": "0x00DE", "register_address": 10, "slave_id": 2}
2026-08-28 11:19:57,714 | INFO | {"data_type": "uint16", "event": "profile_register_decoded", "function_code": 3, "parsed_value": "999", "profile_id": "86b628702970471fbb2a828e6842775d", "raw_hex": "0x03E7", "register_address": 10, "slave_id": 2}
2026-08-28 11:19:57,768 | INFO | {"data_type": "uint16", "event": "profile_register_decoded", "function_code": 3, "parsed_value": "999", "profile_id": "b390b23207d049849dce505dc30f746a", "raw_hex": "0x03E7", "register_address": 10, "slave_id": 2}
2026-08-28 11:20:06,732 | INFO | {"event": "auto_detection_started", "port": "COM-TEST"}
2026-08-28 11:20:06,734 | INFO | {"baudrate": 9600, "bytesize": 8, "event": "auto_detection_locked", "parity": "N", "port": "COM-TEST", "stopbits": 1.0, "tested_baudrates": [9600]}
2026-08-28 11:20:06,735 | INFO | {"byte_count": 8, "event": "passive_modbus_frame_received", "port": "COM-TEST", "raw_hex": "01 03 00 00 00 01 84 0A"}
2026-08-28 11:20:06,735 | INFO | {"event": "auto_detection_stopped", "port": "COM-TEST"}
2026-08-28 11:20:06,736 | INFO | {"event": "capture_thread_start", "mode": "config", "port": "COM-TEST"}
2026-08-28 11:20:07,275 | INFO | {"event": "application_opened"}
2026-08-28 11:20:07,275 | INFO | {"event": "application_closed"}
2026-08-28 11:20:07,739 | INFO | {"event": "application_opened"}
2026-08-28 11:20:07,752 | INFO | {"event": "application_closed"}
2026-08-28 11:20:07,754 | INFO | {"event": "auto_detection_started", "port": "COM-TEST"}
2026-08-28 11:20:07,755 | INFO | {"baudrate": 9600, "bytesize": 8, "event": "auto_detection_locked", "parity": "N", "port": "COM-TEST", "stopbits": 1.0, "tested_baudrates": [9600]}
2026-08-28 11:20:07,755 | INFO | {"byte_count": 8, "event": "passive_modbus_frame_received", "port": "COM-TEST", "raw_hex": "01 03 00 00 00 01 84 0A"}
2026-08-28 11:20:07,755 | INFO | {"event": "auto_detection_stopped", "port": "COM-TEST"}
2026-08-28 11:20:08,237 | INFO | {"event": "application_opened"}
2026-08-28 11:20:08,237 | INFO | {"event": "application_closed"}
2026-08-28 11:20:08,238 | INFO | {"event": "application_closed"}
2026-08-28 11:20:08,703 | INFO | {"event": "application_opened"}
2026-08-28 11:20:08,705 | INFO | {"event": "application_closed"}
2026-08-28 11:20:09,181 | INFO | {"event": "application_opened"}
2026-08-28 11:20:09,188 | INFO | {"event": "application_closed"}
2026-08-28 11:20:09,845 | INFO | {"data_type": "float32", "event": "profile_register_decoded", "function_code": 3, "parsed_value": "23.5", "profile_id": "110c99a172ed48449a83c41cf1e7feee", "raw_hex": "0x41BC0000", "register_address": 100, "slave_id": 80}
2026-08-28 11:20:09,891 | INFO | {"data_type": "float64", "event": "profile_register_decoded", "function_code": 3, "parsed_value": "100.25", "profile_id": "8cfec89ca0d74a669126957938a67436", "raw_hex": "0x4059100000000000", "register_address": 300, "slave_id": 80}
2026-08-28 11:20:09,942 | INFO | {"data_type": "int16", "event": "profile_register_decoded", "function_code": 3, "parsed_value": "-1", "profile_id": "90007deeeba34407a02fc25df3f7a10d", "raw_hex": "0xFFFF", "register_address": 100, "slave_id": 80}
2026-08-28 11:20:09,989 | INFO | {"data_type": "int64", "event": "profile_register_decoded", "function_code": 3, "parsed_value": "-1", "profile_id": "6efe11536c6249b8970d769ae0e50c10", "raw_hex": "0xFFFFFFFFFFFFFFFF", "register_address": 300, "slave_id": 80}
2026-08-28 11:20:10,038 | INFO | {"data_type": "uint32", "event": "profile_register_decoded", "function_code": 3, "parsed_value": "33554688", "profile_id": "f70a25aa9fd144c98455f239d9380790", "raw_hex": "0x02000100", "register_address": 100, "slave_id": 80}
2026-08-28 11:20:10,085 | INFO | {"data_type": "uint32", "event": "profile_register_decoded", "function_code": 3, "parsed_value": "100", "profile_id": "026328534f3c49ad9d08d9985824a396", "raw_hex": "0x00000064", "register_address": 100, "slave_id": 80}
2026-08-28 11:20:10,176 | INFO | {"data_type": "uint32", "event": "profile_register_decoded", "function_code": 3, "parsed_value": "65538", "profile_id": "e931e62a7fb0476396ee8a3749bccffd", "raw_hex": "0x00010002", "register_address": 100, "slave_id": 80}
2026-08-28 11:20:10,223 | INFO | {"data_type": "uint64", "event": "profile_register_decoded", "function_code": 3, "parsed_value": "281483566841860", "profile_id": "1162165eb8b641bf9cefacf7e7e1ceb8", "raw_hex": "0x0001000200030004", "register_address": 300, "slave_id": 80}
2026-08-28 11:20:10,619 | INFO | {"data_type": "uint16", "event": "profile_register_decoded", "function_code": 3, "parsed_value": "111", "profile_id": "0dc5b25e880c47fd9ec856cd7a43b518", "raw_hex": "0x006F", "register_address": 10, "slave_id": 1}
2026-08-28 11:20:10,620 | INFO | {"data_type": "uint16", "event": "profile_register_decoded", "function_code": 3, "parsed_value": "222", "profile_id": "0dc5b25e880c47fd9ec856cd7a43b518", "raw_hex": "0x00DE", "register_address": 10, "slave_id": 2}
2026-08-28 11:20:10,672 | INFO | {"data_type": "uint16", "event": "profile_register_decoded", "function_code": 3, "parsed_value": "999", "profile_id": "6e45f58236a44354a37ac5d4eac9bf0c", "raw_hex": "0x03E7", "register_address": 10, "slave_id": 2}
2026-08-28 11:20:10,725 | INFO | {"data_type": "uint16", "event": "profile_register_decoded", "function_code": 3, "parsed_value": "999", "profile_id": "e687ae9e70d248a3ae441d2ec03f9a54", "raw_hex": "0x03E7", "register_address": 10, "slave_id": 2}
2026-08-28 11:20:13,471 | INFO | {"event": "application_opened"}
2026-08-28 11:20:14,141 | INFO | {"event": "application_closed"}
2026-08-28 11:20:14,602 | INFO | {"event": "application_opened"}
2026-08-28 11:20:15,245 | INFO | {"event": "application_closed"}
2026-08-28 11:20:15,698 | INFO | {"event": "application_opened"}
2026-08-28 11:20:16,432 | INFO | {"event": "application_closed"}
2026-08-28 11:20:16,889 | INFO | {"event": "application_opened"}
2026-08-28 11:20:17,519 | INFO | {"event": "application_closed"}
2026-08-28 11:20:17,995 | INFO | {"event": "application_opened"}
2026-08-28 11:20:18,287 | INFO | {"event": "application_closed"}
2026-08-28 11:20:18,742 | INFO | {"event": "application_opened"}
2026-08-28 11:20:20,539 | INFO | {"event": "application_closed"}
2026-08-28 11:20:21,000 | INFO | {"event": "application_opened"}
2026-08-28 11:20:21,609 | INFO | {"event": "application_closed"}
2026-08-28 11:20:22,065 | INFO | {"event": "application_opened"}
2026-08-28 11:20:22,412 | INFO | {"event": "application_closed"}
2026-08-28 11:20:22,893 | INFO | {"event": "application_opened"}
2026-08-28 11:20:22,967 | INFO | {"event": "application_closed"}
2026-08-28 11:20:23,432 | INFO | {"event": "application_opened"}
2026-08-28 11:20:24,104 | INFO | {"event": "application_closed"}
2026-08-28 11:20:24,590 | INFO | {"event": "application_opened"}
2026-08-28 11:20:24,660 | INFO | {"event": "application_closed"}
2026-08-28 11:20:25,130 | INFO | {"event": "application_opened"}
2026-08-28 11:20:25,506 | INFO | {"event": "application_closed"}
2026-08-28 11:20:25,968 | INFO | {"event": "application_opened"}
2026-08-28 11:20:26,613 | INFO | {"event": "application_closed"}
2026-08-28 11:20:27,085 | INFO | {"event": "application_opened"}
2026-08-28 11:20:27,728 | INFO | {"event": "application_closed"}
2026-08-28 11:20:28,202 | INFO | {"event": "application_opened"}
2026-08-28 11:20:28,544 | INFO | {"event": "application_closed"}
2026-08-28 11:20:29,016 | INFO | {"event": "application_opened"}
2026-08-28 11:20:29,086 | INFO | {"event": "application_closed"}
2026-08-28 11:20:29,549 | INFO | {"event": "application_opened"}
2026-08-28 11:20:30,201 | INFO | {"event": "application_closed"}
2026-08-28 11:20:30,667 | INFO | {"event": "application_opened"}
2026-08-28 11:20:31,590 | INFO | {"event": "application_closed"}
2026-08-28 11:20:32,053 | INFO | {"event": "application_opened"}
2026-08-28 11:20:32,400 | INFO | {"event": "application_closed"}
2026-08-28 11:20:32,862 | INFO | {"event": "application_opened"}
2026-08-28 11:20:33,517 | INFO | {"event": "application_closed"}
2026-08-28 11:20:49,666 | INFO | {"data_type": "uint16", "event": "profile_register_decoded", "function_code": 3, "parsed_value": "999", "profile_id": "cf5222c80f144e318d4cf948490c154d", "raw_hex": "0x03E7", "register_address": 10, "slave_id": 1}
2026-08-28 11:21:14,107 | INFO | {"event": "auto_detection_started", "port": "COM-TEST"}
2026-08-28 11:21:14,110 | INFO | {"baudrate": 9600, "bytesize": 8, "event": "auto_detection_locked", "parity": "N", "port": "COM-TEST", "stopbits": 1.0, "tested_baudrates": [9600]}
2026-08-28 11:21:14,110 | INFO | {"byte_count": 8, "event": "passive_modbus_frame_received", "port": "COM-TEST", "raw_hex": "01 03 00 00 00 01 84 0A"}
2026-08-28 11:21:14,110 | INFO | {"event": "auto_detection_stopped", "port": "COM-TEST"}
2026-08-28 11:21:14,112 | INFO | {"event": "capture_thread_start", "mode": "config", "port": "COM-TEST"}
2026-08-28 11:21:14,651 | INFO | {"event": "application_opened"}
2026-08-28 11:21:14,652 | INFO | {"event": "application_closed"}
2026-08-28 11:21:15,122 | INFO | {"event": "application_opened"}
2026-08-28 11:21:15,135 | INFO | {"event": "application_closed"}
2026-08-28 11:21:15,137 | INFO | {"event": "auto_detection_started", "port": "COM-TEST"}
2026-08-28 11:21:15,138 | INFO | {"baudrate": 9600, "bytesize": 8, "event": "auto_detection_locked", "parity": "N", "port": "COM-TEST", "stopbits": 1.0, "tested_baudrates": [9600]}
2026-08-28 11:21:15,138 | INFO | {"byte_count": 8, "event": "passive_modbus_frame_received", "port": "COM-TEST", "raw_hex": "01 03 00 00 00 01 84 0A"}
2026-08-28 11:21:15,138 | INFO | {"event": "auto_detection_stopped", "port": "COM-TEST"}
2026-08-28 11:21:15,621 | INFO | {"event": "application_opened"}
2026-08-28 11:21:15,621 | INFO | {"event": "application_closed"}
2026-08-28 11:21:15,621 | INFO | {"event": "application_closed"}
2026-08-28 11:21:16,094 | INFO | {"event": "application_opened"}
2026-08-28 11:21:16,096 | INFO | {"event": "application_closed"}
2026-08-28 11:21:16,571 | INFO | {"event": "application_opened"}
2026-08-28 11:21:16,579 | INFO | {"event": "application_closed"}
2026-08-28 11:21:17,237 | INFO | {"data_type": "float32", "event": "profile_register_decoded", "function_code": 3, "parsed_value": "23.5", "profile_id": "29a9ae243c214283b7e981be0a85eb0b", "raw_hex": "0x41BC0000", "register_address": 100, "slave_id": 80}
2026-08-28 11:21:17,284 | INFO | {"data_type": "float64", "event": "profile_register_decoded", "function_code": 3, "parsed_value": "100.25", "profile_id": "c89c96b2be3f418db9d669d05cabd370", "raw_hex": "0x4059100000000000", "register_address": 300, "slave_id": 80}
2026-08-28 11:21:17,331 | INFO | {"data_type": "int16", "event": "profile_register_decoded", "function_code": 3, "parsed_value": "-1", "profile_id": "ee535c50283f4213aa1d1fce58fbbfca", "raw_hex": "0xFFFF", "register_address": 100, "slave_id": 80}
2026-08-28 11:21:17,379 | INFO | {"data_type": "int64", "event": "profile_register_decoded", "function_code": 3, "parsed_value": "-1", "profile_id": "1521bc1d084d461eb415995232cd6d17", "raw_hex": "0xFFFFFFFFFFFFFFFF", "register_address": 300, "slave_id": 80}
2026-08-28 11:21:17,427 | INFO | {"data_type": "uint32", "event": "profile_register_decoded", "function_code": 3, "parsed_value": "33554688", "profile_id": "4b99a7beade5476e8c3e2c5b6d317450", "raw_hex": "0x02000100", "register_address": 100, "slave_id": 80}
2026-08-28 11:21:17,473 | INFO | {"data_type": "uint32", "event": "profile_register_decoded", "function_code": 3, "parsed_value": "100", "profile_id": "94b79c46d1bc4b0fb15b6dbc2584aef9", "raw_hex": "0x00000064", "register_address": 100, "slave_id": 80}
2026-08-28 11:21:17,565 | INFO | {"data_type": "uint32", "event": "profile_register_decoded", "function_code": 3, "parsed_value": "65538", "profile_id": "785c1282ba304809b91ccd5c1454f1b0", "raw_hex": "0x00010002", "register_address": 100, "slave_id": 80}
2026-08-28 11:21:17,618 | INFO | {"data_type": "uint64", "event": "profile_register_decoded", "function_code": 3, "parsed_value": "281483566841860", "profile_id": "002a86cc53b948fbb654f623a48d109f", "raw_hex": "0x0001000200030004", "register_address": 300, "slave_id": 80}
2026-08-28 11:21:18,014 | INFO | {"data_type": "uint16", "event": "profile_register_decoded", "function_code": 3, "parsed_value": "111", "profile_id": "e886013702fc44d7957a486be7837199", "raw_hex": "0x006F", "register_address": 10, "slave_id": 1}
2026-08-28 11:21:18,015 | INFO | {"data_type": "uint16", "event": "profile_register_decoded", "function_code": 3, "parsed_value": "222", "profile_id": "e886013702fc44d7957a486be7837199", "raw_hex": "0x00DE", "register_address": 10, "slave_id": 2}
2026-08-28 11:21:18,067 | INFO | {"data_type": "uint16", "event": "profile_register_decoded", "function_code": 3, "parsed_value": "999", "profile_id": "aac76e2228f64e17884ed983cf0dd03a", "raw_hex": "0x03E7", "register_address": 10, "slave_id": 2}
2026-08-28 11:21:18,120 | INFO | {"data_type": "uint16", "event": "profile_register_decoded", "function_code": 3, "parsed_value": "999", "profile_id": "c81c9700879147eebc5f7f98d3856ed4", "raw_hex": "0x03E7", "register_address": 10, "slave_id": 2}
2026-08-28 11:21:20,874 | INFO | {"event": "application_opened"}
2026-08-28 11:21:21,527 | INFO | {"event": "application_closed"}
2026-08-28 11:21:21,998 | INFO | {"event": "application_opened"}
2026-08-28 11:21:22,641 | INFO | {"event": "application_closed"}
2026-08-28 11:21:23,100 | INFO | {"event": "application_opened"}
2026-08-28 11:21:23,844 | INFO | {"event": "application_closed"}
2026-08-28 11:21:24,300 | INFO | {"event": "application_opened"}
2026-08-28 11:21:24,943 | INFO | {"event": "application_closed"}
2026-08-28 11:21:25,408 | INFO | {"event": "application_opened"}
2026-08-28 11:21:25,706 | INFO | {"event": "application_closed"}
2026-08-28 11:21:26,167 | INFO | {"event": "application_opened"}
2026-08-28 11:21:27,983 | INFO | {"event": "application_closed"}
2026-08-28 11:21:28,440 | INFO | {"event": "application_opened"}
2026-08-28 11:21:29,090 | INFO | {"event": "application_closed"}
2026-08-28 11:21:29,544 | INFO | {"event": "application_opened"}
2026-08-28 11:21:29,900 | INFO | {"event": "application_closed"}
2026-08-28 11:21:30,373 | INFO | {"event": "application_opened"}
2026-08-28 11:21:30,441 | INFO | {"event": "application_closed"}
2026-08-28 11:21:30,916 | INFO | {"event": "application_opened"}
2026-08-28 11:21:31,553 | INFO | {"event": "application_closed"}
2026-08-28 11:21:32,033 | INFO | {"event": "application_opened"}
2026-08-28 11:21:32,101 | INFO | {"event": "application_closed"}
2026-08-28 11:21:32,568 | INFO | {"event": "application_opened"}
2026-08-28 11:21:32,962 | INFO | {"event": "application_closed"}
2026-08-28 11:21:33,419 | INFO | {"event": "application_opened"}
2026-08-28 11:21:34,112 | INFO | {"event": "application_closed"}
2026-08-28 11:21:34,661 | INFO | {"event": "application_opened"}
2026-08-28 11:21:35,316 | INFO | {"event": "application_closed"}
2026-08-28 11:21:35,787 | INFO | {"event": "application_opened"}
2026-08-28 11:21:36,137 | INFO | {"event": "application_closed"}
2026-08-28 11:21:36,602 | INFO | {"event": "application_opened"}
2026-08-28 11:21:36,672 | INFO | {"event": "application_closed"}
2026-08-28 11:21:37,149 | INFO | {"event": "application_opened"}
2026-08-28 11:21:37,800 | INFO | {"event": "application_closed"}
2026-08-28 11:21:38,272 | INFO | {"event": "application_opened"}
2026-08-28 11:21:39,227 | INFO | {"event": "application_closed"}
2026-08-28 11:21:39,686 | INFO | {"event": "application_opened"}
2026-08-28 11:21:40,042 | INFO | {"event": "application_closed"}
2026-08-28 11:21:40,499 | INFO | {"event": "application_opened"}
2026-08-28 11:21:41,162 | INFO | {"event": "application_closed"}
2026-08-28 11:32:04,620 | INFO | {"event": "application_opened"}
2026-08-28 11:33:47,231 | INFO | {"event": "application_closed"}
2026-08-28 11:33:51,761 | INFO | {"event": "application_opened"}
2026-08-28 11:36:00,606 | INFO | {"event": "application_closed"}
2026-08-28 11:38:48,347 | INFO | {"data_type": "float32", "event": "profile_register_decoded", "function_code": 3, "parsed_value": "23.5", "profile_id": "1d9f61a4dc1b462591e619fbeaf788eb", "raw_hex": "0x41BC0000", "register_address": 100, "slave_id": 80}
2026-08-28 11:38:48,393 | INFO | {"data_type": "float64", "event": "profile_register_decoded", "function_code": 3, "parsed_value": "100.25", "profile_id": "8c6f79fa36cc4422a9876571eec4ec31", "raw_hex": "0x4059100000000000", "register_address": 300, "slave_id": 80}
2026-08-28 11:38:48,440 | INFO | {"data_type": "int16", "event": "profile_register_decoded", "function_code": 3, "parsed_value": "-1", "profile_id": "cd64c715d4a44f73990511d740ed0c63", "raw_hex": "0xFFFF", "register_address": 100, "slave_id": 80}
2026-08-28 11:38:48,487 | INFO | {"data_type": "int64", "event": "profile_register_decoded", "function_code": 3, "parsed_value": "-1", "profile_id": "c07ab25ef0224731bef7b42ea852c6c0", "raw_hex": "0xFFFFFFFFFFFFFFFF", "register_address": 300, "slave_id": 80}
2026-08-28 11:38:48,534 | INFO | {"data_type": "uint32", "event": "profile_register_decoded", "function_code": 3, "parsed_value": "33554688", "profile_id": "e1a1f9e4bb4f4f378010a48c1d75f48c", "raw_hex": "0x02000100", "register_address": 100, "slave_id": 80}
2026-08-28 11:38:48,581 | INFO | {"data_type": "uint32", "event": "profile_register_decoded", "function_code": 3, "parsed_value": "100", "profile_id": "a42d46b0b92f4a4eb01099b6fea343fc", "raw_hex": "0x00000064", "register_address": 100, "slave_id": 80}
2026-08-28 11:38:48,673 | INFO | {"data_type": "uint32", "event": "profile_register_decoded", "function_code": 3, "parsed_value": "65538", "profile_id": "9037b61c473840c391511d01c12bd7f7", "raw_hex": "0x00010002", "register_address": 100, "slave_id": 80}
2026-08-28 11:38:48,724 | INFO | {"data_type": "uint64", "event": "profile_register_decoded", "function_code": 3, "parsed_value": "281483566841860", "profile_id": "e9fb94142a234e69aed645b40617a712", "raw_hex": "0x0001000200030004", "register_address": 300, "slave_id": 80}
2026-08-28 11:38:49,114 | INFO | {"data_type": "uint16", "event": "profile_register_decoded", "function_code": 3, "parsed_value": "111", "profile_id": "c0b64511aad242f28823e3a4744d3aa3", "raw_hex": "0x006F", "register_address": 10, "slave_id": 1}
2026-08-28 11:38:49,115 | INFO | {"data_type": "uint16", "event": "profile_register_decoded", "function_code": 3, "parsed_value": "222", "profile_id": "c0b64511aad242f28823e3a4744d3aa3", "raw_hex": "0x00DE", "register_address": 10, "slave_id": 2}
2026-08-28 11:38:49,169 | INFO | {"data_type": "uint16", "event": "profile_register_decoded", "function_code": 3, "parsed_value": "999", "profile_id": "2ce6408156bb4d29b6581585cc6f65b6", "raw_hex": "0x03E7", "register_address": 10, "slave_id": 2}
2026-08-28 11:38:49,221 | INFO | {"data_type": "uint16", "event": "profile_register_decoded", "function_code": 3, "parsed_value": "999", "profile_id": "e1436ecb80ee41339e43fbffcddf8254", "raw_hex": "0x03E7", "register_address": 10, "slave_id": 2}
2026-08-28 11:39:11,860 | INFO | {"event": "auto_detection_started", "port": "COM-TEST"}
2026-08-28 11:39:11,862 | INFO | {"baudrate": 9600, "bytesize": 8, "event": "auto_detection_locked", "parity": "N", "port": "COM-TEST", "stopbits": 1.0, "tested_baudrates": [9600]}
2026-08-28 11:39:11,863 | INFO | {"byte_count": 8, "event": "passive_modbus_frame_received", "port": "COM-TEST", "raw_hex": "01 03 00 00 00 01 84 0A"}
2026-08-28 11:39:11,863 | INFO | {"event": "auto_detection_stopped", "port": "COM-TEST"}
2026-08-28 11:39:11,864 | INFO | {"event": "capture_thread_start", "mode": "config", "port": "COM-TEST"}
2026-08-28 11:39:12,403 | INFO | {"event": "application_opened"}
2026-08-28 11:39:12,404 | INFO | {"event": "application_closed"}
2026-08-28 11:39:12,868 | INFO | {"event": "application_opened"}
2026-08-28 11:39:12,884 | INFO | {"event": "application_closed"}
2026-08-28 11:39:12,886 | INFO | {"event": "auto_detection_started", "port": "COM-TEST"}
2026-08-28 11:39:12,887 | INFO | {"baudrate": 9600, "bytesize": 8, "event": "auto_detection_locked", "parity": "N", "port": "COM-TEST", "stopbits": 1.0, "tested_baudrates": [9600]}
2026-08-28 11:39:12,887 | INFO | {"byte_count": 8, "event": "passive_modbus_frame_received", "port": "COM-TEST", "raw_hex": "01 03 00 00 00 01 84 0A"}
2026-08-28 11:39:12,887 | INFO | {"event": "auto_detection_stopped", "port": "COM-TEST"}
2026-08-28 11:39:13,371 | INFO | {"event": "application_opened"}
2026-08-28 11:39:13,372 | INFO | {"event": "application_closed"}
2026-08-28 11:39:13,372 | INFO | {"event": "application_closed"}
2026-08-28 11:39:13,839 | INFO | {"event": "application_opened"}
2026-08-28 11:39:13,842 | INFO | {"event": "application_closed"}
2026-08-28 11:39:14,326 | INFO | {"event": "application_opened"}
2026-08-28 11:39:14,333 | INFO | {"event": "application_closed"}
2026-08-28 11:39:14,991 | INFO | {"data_type": "float32", "event": "profile_register_decoded", "function_code": 3, "parsed_value": "23.5", "profile_id": "71a5e5173c024366af608329dc7cd89a", "raw_hex": "0x41BC0000", "register_address": 100, "slave_id": 80}
2026-08-28 11:39:15,038 | INFO | {"data_type": "float64", "event": "profile_register_decoded", "function_code": 3, "parsed_value": "100.25", "profile_id": "f72ccfb5600f495eba463393b8fadacd", "raw_hex": "0x4059100000000000", "register_address": 300, "slave_id": 80}
2026-08-28 11:39:15,086 | INFO | {"data_type": "int16", "event": "profile_register_decoded", "function_code": 3, "parsed_value": "-1", "profile_id": "6f904886a1a14ee987552df0a426b234", "raw_hex": "0xFFFF", "register_address": 100, "slave_id": 80}
2026-08-28 11:39:15,137 | INFO | {"data_type": "int64", "event": "profile_register_decoded", "function_code": 3, "parsed_value": "-1", "profile_id": "710d5f8a263c490096cb6822500bb9ab", "raw_hex": "0xFFFFFFFFFFFFFFFF", "register_address": 300, "slave_id": 80}
2026-08-28 11:39:15,185 | INFO | {"data_type": "uint32", "event": "profile_register_decoded", "function_code": 3, "parsed_value": "33554688", "profile_id": "359c3f0edb154ddeb1b67aeccabce593", "raw_hex": "0x02000100", "register_address": 100, "slave_id": 80}
2026-08-28 11:39:15,232 | INFO | {"data_type": "uint32", "event": "profile_register_decoded", "function_code": 3, "parsed_value": "100", "profile_id": "4b5b78f79e0f4d73b3e852f59193f81d", "raw_hex": "0x00000064", "register_address": 100, "slave_id": 80}
2026-08-28 11:39:15,324 | INFO | {"data_type": "uint32", "event": "profile_register_decoded", "function_code": 3, "parsed_value": "65538", "profile_id": "4956122a881f4cfe9dd6c6eb008d55af", "raw_hex": "0x00010002", "register_address": 100, "slave_id": 80}
2026-08-28 11:39:15,372 | INFO | {"data_type": "uint64", "event": "profile_register_decoded", "function_code": 3, "parsed_value": "281483566841860", "profile_id": "f5d3cd7189164d4a8eeda169cb43b79e", "raw_hex": "0x0001000200030004", "register_address": 300, "slave_id": 80}
2026-08-28 11:39:15,764 | INFO | {"data_type": "uint16", "event": "profile_register_decoded", "function_code": 3, "parsed_value": "111", "profile_id": "4ad22eb79c524bd1a996f6fca1a2fcbc", "raw_hex": "0x006F", "register_address": 10, "slave_id": 1}
2026-08-28 11:39:15,765 | INFO | {"data_type": "uint16", "event": "profile_register_decoded", "function_code": 3, "parsed_value": "222", "profile_id": "4ad22eb79c524bd1a996f6fca1a2fcbc", "raw_hex": "0x00DE", "register_address": 10, "slave_id": 2}
2026-08-28 11:39:15,818 | INFO | {"data_type": "uint16", "event": "profile_register_decoded", "function_code": 3, "parsed_value": "999", "profile_id": "f58c50ff4e944aeb88e8722beced29b7", "raw_hex": "0x03E7", "register_address": 10, "slave_id": 2}
2026-08-28 11:39:15,874 | INFO | {"data_type": "uint16", "event": "profile_register_decoded", "function_code": 3, "parsed_value": "999", "profile_id": "855616c2f0fe4348b371634a634f0c81", "raw_hex": "0x03E7", "register_address": 10, "slave_id": 2}
2026-08-28 11:39:18,689 | INFO | {"event": "application_opened"}
2026-08-28 11:39:19,350 | INFO | {"event": "application_closed"}
2026-08-28 11:39:19,811 | INFO | {"event": "application_opened"}
2026-08-28 11:39:20,479 | INFO | {"event": "application_closed"}
2026-08-28 11:39:20,936 | INFO | {"event": "application_opened"}
2026-08-28 11:39:21,678 | INFO | {"event": "application_closed"}
2026-08-28 11:39:22,138 | INFO | {"event": "application_opened"}
2026-08-28 11:39:22,780 | INFO | {"event": "application_closed"}
2026-08-28 11:39:23,245 | INFO | {"event": "application_opened"}
2026-08-28 11:39:23,542 | INFO | {"event": "application_closed"}
2026-08-28 11:39:24,003 | INFO | {"event": "application_opened"}
2026-08-28 11:39:25,795 | INFO | {"event": "application_closed"}
2026-08-28 11:39:26,259 | INFO | {"event": "application_opened"}
2026-08-28 11:39:26,884 | INFO | {"event": "application_closed"}
2026-08-28 11:39:27,353 | INFO | {"event": "application_opened"}
2026-08-28 11:39:27,699 | INFO | {"event": "application_closed"}
2026-08-28 11:39:28,177 | INFO | {"event": "application_opened"}
2026-08-28 11:39:28,246 | INFO | {"event": "application_closed"}
2026-08-28 11:39:28,718 | INFO | {"event": "application_opened"}
2026-08-28 11:39:29,369 | INFO | {"event": "application_closed"}
2026-08-28 11:39:29,835 | INFO | {"event": "application_opened"}
2026-08-28 11:39:29,907 | INFO | {"event": "application_closed"}
2026-08-28 11:39:30,386 | INFO | {"event": "application_opened"}
2026-08-28 11:39:30,767 | INFO | {"event": "application_closed"}
2026-08-28 11:39:31,230 | INFO | {"event": "application_opened"}
2026-08-28 11:39:31,872 | INFO | {"event": "application_closed"}
2026-08-28 11:39:32,349 | INFO | {"event": "application_opened"}
2026-08-28 11:39:32,994 | INFO | {"event": "application_closed"}
2026-08-28 11:39:33,464 | INFO | {"event": "application_opened"}
2026-08-28 11:39:33,807 | INFO | {"event": "application_closed"}
2026-08-28 11:39:34,286 | INFO | {"event": "application_opened"}
2026-08-28 11:39:34,386 | INFO | {"event": "application_closed"}
2026-08-28 11:39:34,855 | INFO | {"event": "application_opened"}
2026-08-28 11:39:35,524 | INFO | {"event": "application_closed"}
2026-08-28 11:39:35,994 | INFO | {"event": "application_opened"}
2026-08-28 11:39:36,914 | INFO | {"event": "application_closed"}
2026-08-28 11:39:37,385 | INFO | {"event": "application_opened"}
2026-08-28 11:39:37,733 | INFO | {"event": "application_closed"}
2026-08-28 11:39:38,252 | INFO | {"event": "application_opened"}
2026-08-28 11:39:38,911 | INFO | {"event": "application_closed"}
2026-08-28 11:44:13,096 | INFO | {"event": "application_opened"}
